#-----------------------------------------------------------
# Vivado v2025.2.1 (64-bit)
# SW Build 6403652 on Thu Mar 19 19:48:24 GMT 2026
# IP Build 6403511 on Thu Mar 19 12:41:45 MDT 2026
# SharedData Build 6403650 on Thu Mar 19 14:02:13 MDT 2026
# Start of session at: Fri Jun 12 16:25:04 2026
# Process ID         : 1744
# Current directory  : Z:/InformaticaIndustriale/progettoInfoIndustriale
# Command line       : vivado.exe -gui_launcher_event rodinguilauncherevent5420 Z:\InformaticaIndustriale\progettoInfoIndustriale\progettoInfoIndustriale.xpr
# Log file           : Z:/InformaticaIndustriale/progettoInfoIndustriale/vivado.log
# Journal file       : Z:/InformaticaIndustriale/progettoInfoIndustriale\vivado.jou
# Running On         : WIN-UEQ0HRSI5V5
# Platform           : Windows Server 2016 or Windows 10
# Operating System   : 26100
# Processor Detail   : virt-10.0
# CPU Frequency      : 1000 MHz
# CPU Physical cores : 4
# CPU Logical cores  : 4
# Host memory        : 2137 MB
# Swap memory        : 2789 MB
# Total Virtual      : 4927 MB
# Available Virtual  : 2602 MB
#-----------------------------------------------------------
start_gui
